2026-08-03 09:27:54.078 RustDeskNative[8642:5053703] *** Assertion failure in -[NSEvent charactersIgnoringModifiers], NSEvent.m:2699
2026-08-03 09:27:54.169 RustDeskNative[8642:5053703] *** Assertion failure in -[NSEvent charactersIgnoringModifiers], NSEvent.m:2699
2026-08-03 09:27:59.088 RustDeskNative[8642:5053703] *** Assertion failure in -[NSEvent charactersIgnoringModifiers], NSEvent.m:2699
2026-08-03 09:27:59.192 RustDeskNative[8642:5053703] *** Assertion failure in -[NSEvent charactersIgnoringModifiers], NSEvent.m:2699
2026-08-03 09:28:22.109 RustDeskNative[8642:5053703] *** Assertion failure in -[NSEvent charactersIgnoringModifiers], NSEvent.m:2699
2026-08-03 09:28:22.218 RustDeskNative[8642:5053703] *** Assertion failure in -[NSEvent charactersIgnoringModifiers], NSEvent.m:2699
2026-08-03 09:28:36.733 RustDeskNative[8642:5053703] *** Assertion failure in -[NSEvent charactersIgnoringModifiers], NSEvent.m:2699
2026-08-03 09:28:36.892 RustDeskNative[8642:5053703] *** Assertion failure in -[NSEvent charactersIgnoringModifiers], NSEvent.m:2699
2026-08-03 09:29:56.037 RustDeskNative[8642:5053703] *** Assertion failure in -[NSEvent charactersIgnoringModifiers], NSEvent.m:2699
2026-08-03 09:29:56.368 RustDeskNative[8642:5053703] *** Assertion failure in -[NSEvent charactersIgnoringModifiers], NSEvent.m:2699
2026-08-03 09:29:57.678 RustDeskNative[8642:5053703] *** Assertion failure in -[NSEvent charactersIgnoringModifiers], NSEvent.m:2699
2026-08-03 09:29:57.991 RustDeskNative[8642:5053703] *** Assertion failure in -[NSEvent charactersIgnoringModifiers], NSEvent.m:2699
2026-08-03 09:31:25.393 RustDeskNative[8642:5053703] *** Assertion failure in -[NSEvent charactersIgnoringModifiers], NSEvent.m:2699
2026-08-03 09:31:25.520 RustDeskNative[8642:5053703] *** Assertion failure in -[NSEvent charactersIgnoringModifiers], NSEvent.m:2699
2026-08-03 09:31:28.275 RustDeskNative[8642:5053703] *** Assertion failure in -[NSEvent charactersIgnoringModifiers], NSEvent.m:2699
2026-08-03 09:31:28.422 RustDeskNative[8642:5053703] *** Assertion failure in -[NSEvent charactersIgnoringModifiers], NSEvent.m:2699
2026-08-03 09:31:30.008 RustDeskNative[8642:5053703] *** Assertion failure in -[NSEvent charactersIgnoringModifiers], NSEvent.m:2699
2026-08-03 09:31:30.189 RustDeskNative[8642:5053703] *** Assertion failure in -[NSEvent charactersIgnoringModifiers], NSEvent.m:2699
2026-08-03 09:31:36.595 RustDeskNative[8642:5053703] *** Assertion failure in -[NSEvent charactersIgnoringModifiers], NSEvent.m:2699
2026-08-03 09:31:36.756 RustDeskNative[8642:5053703] *** Assertion failure in -[NSEvent charactersIgnoringModifiers], NSEvent.m:2699
2026-08-03 09:31:46.111 RustDeskNative[8642:5053703] *** Assertion failure in -[NSEvent charactersIgnoringModifiers], NSEvent.m:2699
2026-08-03 09:31:47.376 RustDeskNative[8642:5053703] *** Assertion failure in -[NSEvent charactersIgnoringModifiers], NSEvent.m:2699
2026-08-03 09:31:49.370 RustDeskNative[8642:5053703] *** Assertion failure in -[NSEvent charactersIgnoringModifiers], NSEvent.m:2699
2026-08-03 09:31:50.302 RustDeskNative[8642:5053703] *** Assertion failure in -[NSEvent charactersIgnoringModifiers], NSEvent.m:2699
CORE_STATE state=connecting code=0 message=connecting
CORE_LOADED abi=3 upstream=6c578292e8ebbbec708b76986ba8c4bc7c509747 password_source=environment-or-interactive
PIPELINE_STARTED source=rustdesk-live gpu=Intel(R) UHD Graphics 630 fullscreen=true duration=1800.0
CORE_STATE state=transportReady code=1 message=transport-ready-secure-relay
CORE_STATE state=authenticated code=0 message=authenticated
CORE_STATE state=controlReady code=0 message=control-ready
CORE_STATE state=streaming code=0 message=streaming
CORE_STATE state=disconnected code=0 message=disconnected
BENCHMARK_WRITTEN /Users/xiaobei/rustdeskNativePhase2/Benchmarks/phase3-live-4k-relay-acceptance-1800s.json
